// Jest Snapshot v1, https://goo.gl/fbAQLP

exports[`TodoItem displays todo item when there is a todo 1`] = `[Function]`;
